// Jest Snapshot v1, https://goo.gl/fbAQLP

exports[`CardModalSelect should render the component 1`] = `
<div>
  <div
    class="MuiCardContent-root css-46bh2p-MuiCardContent-root"
  >
    <h6
      class="MuiTypography-root MuiTypography-h6 css-2ulfj5-MuiTypography-root"
    >
      Awesome Rubber Computer
    </h6>
    <img
      alt="Awesome Rubber Computer"
      class="MuiCardMedia-root MuiCardMedia-media MuiCardMedia-img css-o69gx8-MuiCardMedia-root"
      height="240"
      src="https://picsum.photos/seed/wPfJxYXCA/640/480"
    />
    <p
      class="MuiTypography-root MuiTypography-body2 css-e784if-MuiTypography-root"
    >
      Adflicto sonitus fuga aperio calculus calamitas vicissitudo.
    </p>
    <div
      class="MuiBox-root css-h5fkc8"
    >
      <span
        class="MuiTypography-root MuiTypography-body1 css-16gwivt-MuiTypography-root"
      >
        Adflicto sonitus fuga aperio calculus calamitas vicissitudo.
      </span>
    </div>
    <div
      class="MuiBox-root css-0"
    >
      <div
        class="MuiFormControl-root MuiFormControl-fullWidth MuiTextField-root css-12r883s-MuiFormControl-root-MuiTextField-root"
        inputmode="numeric"
      >
        <label
          class="MuiFormLabel-root MuiInputLabel-root MuiInputLabel-formControl MuiInputLabel-animated MuiInputLabel-shrink MuiInputLabel-sizeMedium MuiInputLabel-outlined MuiFormLabel-colorPrimary MuiFormLabel-filled MuiInputLabel-root MuiInputLabel-formControl MuiInputLabel-animated MuiInputLabel-shrink MuiInputLabel-sizeMedium MuiInputLabel-outlined css-1jy569b-MuiFormLabel-root-MuiInputLabel-root"
          data-shrink="true"
          for="quantity"
          id="quantity-label"
        >
          productService.quantity
        </label>
        <div
          class="MuiInputBase-root MuiOutlinedInput-root MuiInputBase-colorPrimary MuiInputBase-fullWidth MuiInputBase-formControl css-md26zr-MuiInputBase-root-MuiOutlinedInput-root"
        >
          <input
            aria-invalid="false"
            class="MuiInputBase-input MuiOutlinedInput-input css-1t8l2tu-MuiInputBase-input-MuiOutlinedInput-input"
            id="quantity"
            name="quantity"
            placeholder="0"
            type="number"
            value="1"
          />
          <fieldset
            aria-hidden="true"
            class="MuiOutlinedInput-notchedOutline css-1d3z3hw-MuiOutlinedInput-notchedOutline"
          >
            <legend
              class="css-14lo706"
            >
              <span>
                productService.quantity
              </span>
            </legend>
          </fieldset>
        </div>
      </div>
    </div>
    <div
      class="MuiCardActions-root MuiCardActions-spacing css-1sci87t-MuiCardActions-root"
    >
      <button
        class="MuiButtonBase-root MuiButton-root MuiButton-text MuiButton-textError MuiButton-sizeSmall MuiButton-textSizeSmall MuiButton-colorError MuiButton-root MuiButton-text MuiButton-textError MuiButton-sizeSmall MuiButton-textSizeSmall MuiButton-colorError css-6ekzlo-MuiButtonBase-root-MuiButton-root"
        tabindex="0"
        type="button"
      >
        productService.close
        <span
          class="MuiTouchRipple-root css-8je8zh-MuiTouchRipple-root"
        />
      </button>
      <button
        class="MuiButtonBase-root MuiButton-root MuiButton-text MuiButton-textPrimary MuiButton-sizeSmall MuiButton-textSizeSmall MuiButton-colorPrimary MuiButton-root MuiButton-text MuiButton-textPrimary MuiButton-sizeSmall MuiButton-textSizeSmall MuiButton-colorPrimary css-1knaqv7-MuiButtonBase-root-MuiButton-root"
        tabindex="0"
        type="button"
      >
        productService.buy
        <span
          class="MuiTouchRipple-root css-8je8zh-MuiTouchRipple-root"
        />
      </button>
    </div>
  </div>
</div>
`;
