// Jest Snapshot v1, https://goo.gl/fbAQLP

exports[`TabLayout should render correctly 1`] = `
<View>
  <Text
    testID="header"
  >
    header
  </Text>
  <View>
    <Text>
      Perfil
    </Text>
    <Text
      accessibilityElementsHidden={true}
      allowFontScaling={false}
      importantForAccessibility="no-hide-descendants"
      pointerEvents="none"
      selectable={false}
      style={
        [
          {
            "color": "blue",
            "fontSize": 20,
          },
          [
            {
              "lineHeight": 20,
              "transform": [
                {
                  "scaleX": 1,
                },
              ],
            },
            {
              "backgroundColor": "transparent",
            },
          ],
          {
            "fontFamily": "material-community",
            "fontStyle": "normal",
            "fontWeight": "normal",
          },
          {},
        ]
      }
    >
      󰀄
    </Text>
  </View>
  <View>
    <Text>
      Entrenamiento
    </Text>
    <Text
      accessibilityElementsHidden={true}
      allowFontScaling={false}
      importantForAccessibility="no-hide-descendants"
      pointerEvents="none"
      selectable={false}
      style={
        [
          {
            "color": "blue",
            "fontSize": 20,
          },
          [
            {
              "lineHeight": 20,
              "transform": [
                {
                  "scaleX": 1,
                },
              ],
            },
            {
              "backgroundColor": "transparent",
            },
          ],
          {
            "fontFamily": "material-community",
            "fontStyle": "normal",
            "fontWeight": "normal",
          },
          {},
        ]
      }
    >
      󰋑
    </Text>
  </View>
  <View>
    <Text>
      Notificaciones
    </Text>
    <Text
      accessibilityElementsHidden={true}
      allowFontScaling={false}
      importantForAccessibility="no-hide-descendants"
      pointerEvents="none"
      selectable={false}
      style={
        [
          {
            "color": "blue",
            "fontSize": 20,
          },
          [
            {
              "lineHeight": 20,
              "transform": [
                {
                  "scaleX": 1,
                },
              ],
            },
            {
              "backgroundColor": "transparent",
            },
          ],
          {
            "fontFamily": "material-community",
            "fontStyle": "normal",
            "fontWeight": "normal",
          },
          {},
        ]
      }
    >
      󰂚
    </Text>
  </View>
  <View>
    <Text>
      Preferenciales
    </Text>
    <Text
      accessibilityElementsHidden={true}
      allowFontScaling={false}
      importantForAccessibility="no-hide-descendants"
      pointerEvents="none"
      selectable={false}
      style={
        [
          {
            "color": "blue",
            "fontSize": 20,
          },
          [
            {
              "lineHeight": 20,
              "transform": [
                {
                  "scaleX": 1,
                },
              ],
            },
            {
              "backgroundColor": "transparent",
            },
          ],
          {
            "fontFamily": "material-community",
            "fontStyle": "normal",
            "fontWeight": "normal",
          },
          {},
        ]
      }
    >
      󰓎
    </Text>
  </View>
</View>
`;
